// Jest Snapshot v1, https://goo.gl/fbAQLP

exports[`supports a render prop 1`] = `
<div>
  I am an error
</div>
`;
