// Jest Snapshot v1, https://goo.gl/fbAQLP

exports[`supports a render prop 1`] = `
<div>
  <WithSearch
    clickThroughTags={Array []}
    key="result-id"
    result={
      Object {
        "id": Object {
          "raw": "id",
          "snippet": "<em>id</em>",
        },
        "title": Object {
          "raw": "title",
          "snippet": "<em>title</em>",
        },
        "url": Object {
          "raw": "url",
          "snippet": "<em>url</em>",
        },
      }
    }
    shouldTrackClickThrough={true}
    titleField="title"
    urlField="url"
    view={[Function]}
  />
  <WithSearch
    clickThroughTags={Array []}
    key="result-id"
    result={
      Object {
        "id": Object {
          "raw": "id",
          "snippet": "<em>id</em>",
        },
        "title": Object {
          "raw": "title",
          "snippet": "<em>title</em>",
        },
        "url": Object {
          "raw": "url",
          "snippet": "<em>url</em>",
        },
      }
    }
    shouldTrackClickThrough={true}
    titleField="title"
    urlField="url"
    view={[Function]}
  />
</div>
`;
