// Jest Snapshot v1, https://goo.gl/fbAQLP

exports[`renders when it doesn't have results or a search term 1`] = `
<div
  className="sui-sorting"
  results={Array []}
  searchTerm=""
>
  <StateManager
    className="sui-select"
    classNamePrefix="sui-select"
    defaultInputValue=""
    defaultMenuIsOpen={false}
    defaultValue={null}
    isSearchable={false}
    onChange={[Function]}
    options={
      Array [
        Object {
          "label": "name",
          "value": "field|||asc",
        },
        Object {
          "label": "name",
          "value": "field|||desc",
        },
      ]
    }
    styles={
      Object {
        "control": [Function],
        "dropdownIndicator": [Function],
        "indicatorSeparator": [Function],
        "option": [Function],
      }
    }
    value={
      Object {
        "label": "name",
        "value": "field|||asc",
      }
    }
  />
</div>
`;

exports[`supports a render prop 1`] = `
<div>
  field|||asc
</div>
`;
