// Jest Snapshot v1, https://goo.gl/fbAQLP

exports[`renders an error when there is an error 1`] = `
<div
  className="sui-search-error"
>
  I am an error
</div>
`;

exports[`renders children when there is no error 1`] = `
<div>
  Child
</div>
`;
