// Jest Snapshot v1, https://goo.gl/fbAQLP

exports[`renders correctly 1`] = `
<div
  className="sui-facet-container"
>
  <div>
    Children
  </div>
</div>
`;
