// Jest Snapshot v1, https://goo.gl/fbAQLP

exports[`renders correctly 1`] = `
<Pagination
  className="sui-paging"
  current={1}
  defaultCurrent={1}
  defaultPageSize={10}
  hideOnSinglePage={false}
  itemRender={[Function]}
  locale={
    Object {
      "items_per_page": "/ page",
      "jump_to": "Go to",
      "jump_to_confirm": "confirm",
      "next_3": "Next 3 Pages",
      "next_5": "Next 5 Pages",
      "next_page": "Next Page",
      "page": "",
      "prev_3": "Previous 3 Pages",
      "prev_5": "Previous 5 Pages",
      "prev_page": "Previous Page",
    }
  }
  onChange={[Function]}
  onShowSizeChange={[Function]}
  pageSize={10}
  prefixCls="rc-pagination"
  selectComponentClass={null}
  selectPrefixCls="rc-select"
  showLessItems={false}
  showPrevNextJumpers={true}
  showQuickJumper={false}
  showSizeChanger={false}
  showTitle={true}
  style={Object {}}
  total={1000}
/>
`;
