// Jest Snapshot v1, https://goo.gl/fbAQLP

exports[`renders correctly 1`] = `
<Downshift
  defaultHighlightedIndex={null}
  defaultIsOpen={false}
  environment={[Window]}
  getA11yStatusMessage={[Function]}
  inputValue="test"
  itemToString={[Function]}
  onChange={[MockFunction]}
  onInputValueChange={[Function]}
  onOuterClick={[Function]}
  onSelect={[Function]}
  onStateChange={[Function]}
  onUserAction={[Function]}
  scrollIntoView={[Function]}
  selectedItemChanged={[Function]}
  stateReducer={[Function]}
  suppressRefError={false}
>
  <Component />
</Downshift>
`;

exports[`renders correctly with single autocompleteSuggestion configuration 1`] = `
<Downshift
  autocompleteSuggestions={
    Object {
      "sectionTitle": "test",
    }
  }
  defaultHighlightedIndex={null}
  defaultIsOpen={false}
  environment={[Window]}
  getA11yStatusMessage={[Function]}
  inputValue="test"
  itemToString={[Function]}
  onChange={[MockFunction]}
  onInputValueChange={[Function]}
  onOuterClick={[Function]}
  onSelect={[Function]}
  onStateChange={[Function]}
  onUserAction={[Function]}
  scrollIntoView={[Function]}
  selectedItemChanged={[Function]}
  stateReducer={[Function]}
  suppressRefError={false}
>
  <Component />
</Downshift>
`;
