// Jest Snapshot v1, https://goo.gl/fbAQLP

exports[`renders correctly when there is a value 1`] = `
<div
  className="sui-sorting"
>
  <ForwardRef
    className="sui-select"
    classNamePrefix="sui-select"
    components={
      Object {
        "Option": [Function],
      }
    }
    isSearchable={false}
    onChange={[Function]}
    options={
      Array [
        Object {
          "label": "Name ASC",
          "value": "name|||asc",
        },
        Object {
          "label": "Name DESC",
          "value": "name|||desc",
        },
      ]
    }
    styles={
      Object {
        "control": [Function],
        "dropdownIndicator": [Function],
        "indicatorSeparator": [Function],
        "option": [Function],
      }
    }
    value={
      Object {
        "label": "Name DESC",
        "value": "name|||desc",
      }
    }
  />
</div>
`;

exports[`renders correctly when there is not a value 1`] = `
<div
  className="sui-sorting"
>
  <ForwardRef
    className="sui-select"
    classNamePrefix="sui-select"
    components={
      Object {
        "Option": [Function],
      }
    }
    isSearchable={false}
    onChange={[Function]}
    options={
      Array [
        Object {
          "label": "Name ASC",
          "value": "name|||asc",
        },
        Object {
          "label": "Name DESC",
          "value": "name|||desc",
        },
      ]
    }
    styles={
      Object {
        "control": [Function],
        "dropdownIndicator": [Function],
        "indicatorSeparator": [Function],
        "option": [Function],
      }
    }
    value={
      Object {
        "label": "Name ASC",
        "value": "name|||asc",
      }
    }
  />
</div>
`;
