// Jest Snapshot v1, https://goo.gl/fbAQLP

exports[`renders 1`] = `
<div
  className="sui-multi-value-facet sui-facet"
>
  <div
    className="sui-multi-value-facet__label"
  >
    A Facet
  </div>
  <div
    className="sui-multi-value-facet__options-list"
  >
    <label
      className="sui-multi-value-facet__option-label"
      htmlFor="example_facet_A FacetfieldValue1"
      key="fieldValue1"
    >
      <div
        className="sui-multi-value-facet__option-input-wrapper"
      >
        <input
          checked={false}
          className="sui-multi-value-facet__checkbox"
          id="example_facet_A FacetfieldValue1"
          onChange={[Function]}
          type="checkbox"
        />
        <span
          className="sui-multi-value-facet__input-text"
        >
          fieldValue1
        </span>
      </div>
      <span
        className="sui-multi-value-facet__option-count"
      >
        10
      </span>
    </label>
    <label
      className="sui-multi-value-facet__option-label"
      htmlFor="example_facet_A FacetfieldValue2"
      key="fieldValue2"
    >
      <div
        className="sui-multi-value-facet__option-input-wrapper"
      >
        <input
          checked={true}
          className="sui-multi-value-facet__checkbox"
          id="example_facet_A FacetfieldValue2"
          onChange={[Function]}
          type="checkbox"
        />
        <span
          className="sui-multi-value-facet__input-text"
        >
          fieldValue2
        </span>
      </div>
      <span
        className="sui-multi-value-facet__option-count"
      >
        5
      </span>
    </label>
  </div>
  <div
    className="sui-multi-value-facet__view-more"
    onClick={[MockFunction]}
  >
    + More
  </div>
</div>
`;
