// Jest Snapshot v1, https://goo.gl/fbAQLP

exports[`renders correctly 1`] = `
<Pagination
  className="sui-paging"
  current={1}
  defaultCurrent={1}
  defaultPageSize={10}
  hideOnSinglePage={false}
  itemRender={[Function]}
  locale={
    Object {
      "items_per_page": "条/页",
      "jump_to": "跳至",
      "jump_to_confirm": "确定",
      "next_3": "向后 3 页",
      "next_5": "向后 5 页",
      "next_page": "下一页",
      "page": "页",
      "prev_3": "向前 3 页",
      "prev_5": "向前 5 页",
      "prev_page": "上一页",
    }
  }
  onChange={[Function]}
  onShowSizeChange={[Function]}
  pageSize={10}
  prefixCls="rc-pagination"
  selectComponentClass={null}
  selectPrefixCls="rc-select"
  showLessItems={false}
  showPrevNextJumpers={true}
  showQuickJumper={false}
  showSizeChanger={false}
  showTitle={true}
  style={Object {}}
  total={1000}
/>
`;
